[0m23:42:07.827357 [debug] [MainThread]: Sending event: {'category': 'dbt', 'action': 'invocation', 'label': 'start', 'context': [<snowplow_tracker.self_describing_json.SelfDescribingJson object at 0x10872bc80>, <snowplow_tracker.self_describing_json.SelfDescribingJson object at 0x109c06570>, <snowplow_tracker.self_describing_json.SelfDescribingJson object at 0x109c05ca0>]}


============================== 23:42:07.830029 | eea50aaa-2f11-479f-80c4-11863dfa1d0f ==============================
[0m23:42:07.830029 [info ] [MainThread]: Running with dbt=1.12.2
[0m23:42:07.830291 [debug] [MainThread]: running dbt with arguments {'fail_fast': 'False', 'maximum_seed_size_mib': '1', 'debug': 'False', 'static_parser': 'True', 'cache_selected_only': 'False', 'partial_parse': 'True', 'use_experimental_parser': 'False', 'send_anonymous_usage_stats': 'True', 'use_colors': 'True', 'version_check': 'True', 'empty': 'None', 'log_path': 'logs', 'hints_enabled': 'True', 'warn_error': 'None', 'write_json': 'True', 'printer_width': '80', 'indirect_selection': 'eager', 'quiet': 'False', 'log_format': 'default', 'target_path': 'None', 'invocation_command': 'dbt init dbt', 'introspect': 'True', 'warn_error_options': 'WarnErrorOptionsV2(error=[], warn=[], silence=[])', 'no_print': 'None', 'profiles_dir': '/Users/abdulsalam/.dbt', 'log_cache_events': 'False'}
[0m23:42:37.281010 [error] [MainThread]: [[31mERROR[0m]: Encountered an error:

[0m23:42:37.287092 [error] [MainThread]: Traceback (most recent call last):
  File "/Users/abdulsalam/AI/enterprise-ai-operations-platform/.venv/lib/python3.12/site-packages/dbt/cli/requires.py", line 198, in wrapper
    result, success = func(*args, **kwargs)
                      ^^^^^^^^^^^^^^^^^^^^^
  File "/Users/abdulsalam/AI/enterprise-ai-operations-platform/.venv/lib/python3.12/site-packages/dbt/cli/requires.py", line 144, in wrapper
    return func(*args, **kwargs)
           ^^^^^^^^^^^^^^^^^^^^^
  File "/Users/abdulsalam/AI/enterprise-ai-operations-platform/.venv/lib/python3.12/site-packages/dbt/cli/main.py", line 504, in init
    results = task.run()
              ^^^^^^^^^^
  File "/Users/abdulsalam/AI/enterprise-ai-operations-platform/.venv/lib/python3.12/site-packages/dbt/task/init.py", line 340, in run
    project_name = self.get_valid_project_name()
                   ^^^^^^^^^^^^^^^^^^^^^^^^^^^^^
  File "/Users/abdulsalam/AI/enterprise-ai-operations-platform/.venv/lib/python3.12/site-packages/dbt/task/init.py", line 281, in get_valid_project_name
    name = click.prompt("Enter a name for your project (letters, digits, underscore)")
           ^^^^^^^^^^^^^^^^^^^^^^^^^^^^^^^^^^^^^^^^^^^^^^^^^^^^^^^^^^^^^^^^^^^^^^^^^^^
  File "/Users/abdulsalam/AI/enterprise-ai-operations-platform/.venv/lib/python3.12/site-packages/click/termui.py", line 218, in prompt
    value = prompt_func(prompt)
            ^^^^^^^^^^^^^^^^^^^
  File "/Users/abdulsalam/AI/enterprise-ai-operations-platform/.venv/lib/python3.12/site-packages/click/termui.py", line 201, in prompt_func
    raise Abort() from None
click.exceptions.Abort

[0m23:42:37.605021 [debug] [MainThread]: Resource report: {"command_name": "init", "command_success": false, "command_wall_clock_time": 29.821257, "process_in_blocks": "0", "process_kernel_time": 0.149841, "process_mem_max_rss": "119881728", "process_out_blocks": "0", "process_user_time": 0.622989}
[0m23:42:37.605814 [debug] [MainThread]: Command `dbt init` failed at 23:42:37.605648 after 29.82 seconds
[0m23:42:37.606278 [debug] [MainThread]: Sending event: {'category': 'dbt', 'action': 'invocation', 'label': 'end', 'context': [<snowplow_tracker.self_describing_json.SelfDescribingJson object at 0x109c06510>, <snowplow_tracker.self_describing_json.SelfDescribingJson object at 0x109cafef0>, <snowplow_tracker.self_describing_json.SelfDescribingJson object at 0x1099ea450>]}
[0m23:42:37.606705 [debug] [MainThread]: Flushing usage events
[0m23:42:40.820865 [debug] [MainThread]: Sending event: {'category': 'dbt', 'action': 'invocation', 'label': 'start', 'context': [<snowplow_tracker.self_describing_json.SelfDescribingJson object at 0x10a6d37a0>, <snowplow_tracker.self_describing_json.SelfDescribingJson object at 0x10b892540>, <snowplow_tracker.self_describing_json.SelfDescribingJson object at 0x10b892240>]}


============================== 23:42:40.823627 | 57edea61-b789-4f83-b62a-b3fea2329b2e ==============================
[0m23:42:40.823627 [info ] [MainThread]: Running with dbt=1.12.2
[0m23:42:40.823894 [debug] [MainThread]: running dbt with arguments {'use_colors': 'True', 'partial_parse': 'True', 'quiet': 'False', 'no_print': 'None', 'cache_selected_only': 'False', 'send_anonymous_usage_stats': 'True', 'profiles_dir': '/Users/abdulsalam/.dbt', 'debug': 'False', 'introspect': 'True', 'maximum_seed_size_mib': '1', 'log_cache_events': 'False', 'hints_enabled': 'True', 'warn_error': 'None', 'invocation_command': 'dbt init enterprise_ai_operations', 'log_format': 'default', 'printer_width': '80', 'log_path': 'logs', 'indirect_selection': 'eager', 'write_json': 'True', 'use_experimental_parser': 'False', 'fail_fast': 'False', 'empty': 'None', 'static_parser': 'True', 'version_check': 'True', 'target_path': 'None', 'warn_error_options': 'WarnErrorOptionsV2(error=[], warn=[], silence=[])'}
[0m23:42:40.832767 [debug] [MainThread]: Starter project path: /Users/abdulsalam/AI/enterprise-ai-operations-platform/.venv/lib/python3.12/site-packages/dbt/include/starter_project
[0m23:42:40.837061 [info ] [MainThread]: Setting up your profile.
[0m23:44:02.803361 [info ] [MainThread]: Profile enterprise_ai_operations written to /Users/abdulsalam/.dbt/profiles.yml using target's profile_template.yml and your supplied values.
[0m23:44:02.811153 [info ] [MainThread]: Running dbt debug to validate the project...
[0m23:44:02.812555 [info ] [MainThread]: dbt version: 1.12.2
[0m23:44:02.812904 [info ] [MainThread]: python version: 3.12.14
[0m23:44:02.813182 [info ] [MainThread]: python path: /Users/abdulsalam/AI/enterprise-ai-operations-platform/.venv/bin/python3.12
[0m23:44:02.813469 [info ] [MainThread]: os info: macOS-26.5.2-arm64-arm-64bit
[0m23:44:02.852969 [info ] [MainThread]: Using profiles dir at /Users/abdulsalam/.dbt
[0m23:44:02.853256 [info ] [MainThread]: Using profiles.yml file at /Users/abdulsalam/.dbt/profiles.yml
[0m23:44:02.853400 [info ] [MainThread]: Using dbt_project.yml file at /Users/abdulsalam/AI/enterprise-ai-operations-platform/enterprise_ai_operations/dbt_project.yml
[0m23:44:02.853532 [info ] [MainThread]: adapter type: bigquery
[0m23:44:02.853651 [info ] [MainThread]: adapter version: 1.12.0
[0m23:44:02.897675 [info ] [MainThread]: Configuration:
[0m23:44:02.897937 [info ] [MainThread]:   profiles.yml file [[32mOK found and valid[0m]
[0m23:44:02.898057 [info ] [MainThread]:   dbt_project.yml file [[32mOK found and valid[0m]
[0m23:44:02.898159 [info ] [MainThread]: Required dependencies:
[0m23:44:02.898376 [debug] [MainThread]: Executing "git --help"
[0m23:44:02.909833 [debug] [MainThread]: STDOUT: "b"usage: git [-v | --version] [-h | --help] [-C <path>] [-c <name>=<value>]\n           [--exec-path[=<path>]] [--html-path] [--man-path] [--info-path]\n           [-p | --paginate | -P | --no-pager] [--no-replace-objects] [--bare]\n           [--git-dir=<path>] [--work-tree=<path>] [--namespace=<name>]\n           [--config-env=<name>=<envvar>] <command> [<args>]\n\nThese are common Git commands used in various situations:\n\nstart a working area (see also: git help tutorial)\n   clone     Clone a repository into a new directory\n   init      Create an empty Git repository or reinitialize an existing one\n\nwork on the current change (see also: git help everyday)\n   add       Add file contents to the index\n   mv        Move or rename a file, a directory, or a symlink\n   restore   Restore working tree files\n   rm        Remove files from the working tree and from the index\n\nexamine the history and state (see also: git help revisions)\n   bisect    Use binary search to find the commit that introduced a bug\n   diff      Show changes between commits, commit and working tree, etc\n   grep      Print lines matching a pattern\n   log       Show commit logs\n   show      Show various types of objects\n   status    Show the working tree status\n\ngrow, mark and tweak your common history\n   branch    List, create, or delete branches\n   commit    Record changes to the repository\n   merge     Join two or more development histories together\n   rebase    Reapply commits on top of another base tip\n   reset     Reset current HEAD to the specified state\n   switch    Switch branches\n   tag       Create, list, delete or verify a tag object signed with GPG\n\ncollaborate (see also: git help workflows)\n   fetch     Download objects and refs from another repository\n   pull      Fetch from and integrate with another repository or a local branch\n   push      Update remote refs along with associated objects\n\n'git help -a' and 'git help -g' list available subcommands and some\nconcept guides. See 'git help <command>' or 'git help <concept>'\nto read about a specific subcommand or concept.\nSee 'git help git' for an overview of the system.\n""
[0m23:44:02.910218 [debug] [MainThread]: STDERR: "b''"
[0m23:44:02.910357 [info ] [MainThread]:  - git [[32mOK found[0m]

[0m23:44:02.910485 [info ] [MainThread]: Connection:
[0m23:44:02.910631 [info ] [MainThread]:   method: oauth
[0m23:44:02.910734 [info ] [MainThread]:   database: diesel-command-483009-r5
[0m23:44:02.910832 [info ] [MainThread]:   execution_project: diesel-command-483009-r5
[0m23:44:02.910927 [info ] [MainThread]:   schema: retail_ai_dev
[0m23:44:02.911017 [info ] [MainThread]:   location: EU
[0m23:44:02.911104 [info ] [MainThread]:   priority: interactive
[0m23:44:02.911192 [info ] [MainThread]:   maximum_bytes_billed: None
[0m23:44:02.911282 [info ] [MainThread]:   reservation: None
[0m23:44:02.911368 [info ] [MainThread]:   impersonate_service_account: None
[0m23:44:02.911457 [info ] [MainThread]:   job_retry_deadline_seconds: None
[0m23:44:02.911541 [info ] [MainThread]:   job_retries: 1
[0m23:44:02.911629 [info ] [MainThread]:   job_creation_timeout_seconds: None
[0m23:44:02.911715 [info ] [MainThread]:   job_execution_timeout_seconds: 300
[0m23:44:02.911802 [info ] [MainThread]:   job_link_info_level_log: False
[0m23:44:02.911888 [info ] [MainThread]:   timeout_seconds: 300
[0m23:44:02.911975 [info ] [MainThread]:   client_id: None
[0m23:44:02.912069 [info ] [MainThread]:   token_uri: None
[0m23:44:02.912154 [info ] [MainThread]:   compute_region: None
[0m23:44:02.912248 [info ] [MainThread]:   dataproc_cluster_name: None
[0m23:44:02.912335 [info ] [MainThread]:   gcs_bucket: None
[0m23:44:02.912422 [info ] [MainThread]:   dataproc_batch: None
[0m23:44:02.912733 [info ] [MainThread]: Registered adapter: bigquery=1.12.0
[0m23:44:03.306965 [debug] [MainThread]: Acquiring new bigquery connection 'debug'
[0m23:44:03.307255 [debug] [MainThread]: On debug: select 1 as id
[0m23:44:03.307439 [debug] [MainThread]: Opening a new connection, currently in state init
[0m23:44:07.534013 [debug] [MainThread]: BigQuery adapter: https://console.cloud.google.com/bigquery?project=diesel-command-483009-r5&j=bq:EU:8b9a5512-2456-4f18-9973-7417aa369e11&page=queryresults
[0m23:44:07.718942 [debug] [MainThread]: SQL status: OK in 0.183 seconds
[0m23:44:07.949644 [info ] [MainThread]:   Connection test: [[32mOK connection ok[0m]

[0m23:44:07.950743 [info ] [MainThread]: [32mAll checks passed![0m
[0m23:44:07.951954 [info ] [MainThread]: Your new dbt project "enterprise_ai_operations" was created!
Initialized new project in /Users/abdulsalam/AI/enterprise-ai-operations-platform/enterprise_ai_operations/enterprise_ai_operations

For more information on how to configure the profiles.yml file,
please consult the dbt documentation here:

  https://docs.getdbt.com/docs/configure-your-profile

One more thing:

Need help? Don't hesitate to reach out to us via GitHub issues or on Slack:

  https://community.getdbt.com/

Happy modeling!

[0m23:44:07.961282 [debug] [MainThread]: Resource report: {"command_name": "init", "command_success": true, "command_wall_clock_time": 87.18403, "process_in_blocks": "0", "process_kernel_time": 0.336136, "process_mem_max_rss": "218546176", "process_out_blocks": "0", "process_user_time": 1.183502}
[0m23:44:07.962540 [debug] [MainThread]: Command `dbt init` succeeded at 23:44:07.962233 after 87.19 seconds
[0m23:44:07.963090 [debug] [MainThread]: Connection 'debug' was properly closed.
[0m23:44:07.963627 [debug] [MainThread]: Sending event: {'category': 'dbt', 'action': 'invocation', 'label': 'end', 'context': [<snowplow_tracker.self_describing_json.SelfDescribingJson object at 0x11ac02450>, <snowplow_tracker.self_describing_json.SelfDescribingJson object at 0x10b81bc50>, <snowplow_tracker.self_describing_json.SelfDescribingJson object at 0x10b2995b0>]}
[0m23:44:07.964195 [debug] [MainThread]: Flushing usage events
[0m23:44:08.438570 [debug] [MainThread]: An error was encountered while trying to flush usage events
[0m00:27:16.392875 [debug] [MainThread]: Sending event: {'category': 'dbt', 'action': 'invocation', 'label': 'start', 'context': [<snowplow_tracker.self_describing_json.SelfDescribingJson object at 0x106e538c0>, <snowplow_tracker.self_describing_json.SelfDescribingJson object at 0x10a01bfb0>, <snowplow_tracker.self_describing_json.SelfDescribingJson object at 0x10a01b6b0>]}


============================== 00:27:16.395748 | 36f9e157-4d7d-436f-8b00-2a6ddac54cbf ==============================
[0m00:27:16.395748 [info ] [MainThread]: Running with dbt=1.12.2
[0m00:27:16.396039 [debug] [MainThread]: running dbt with arguments {'partial_parse': 'True', 'empty': 'False', 'printer_width': '80', 'send_anonymous_usage_stats': 'True', 'version_check': 'True', 'hints_enabled': 'True', 'use_colors': 'True', 'warn_error_options': 'WarnErrorOptionsV2(error=[], warn=[], silence=[])', 'target_path': 'None', 'fail_fast': 'False', 'invocation_command': 'dbt build --target dev', 'warn_error': 'None', 'use_experimental_parser': 'False', 'profiles_dir': '/Users/abdulsalam/.dbt', 'log_path': 'logs', 'log_cache_events': 'False', 'maximum_seed_size_mib': '1', 'debug': 'False', 'introspect': 'True', 'no_print': 'None', 'cache_selected_only': 'False', 'static_parser': 'True', 'write_json': 'True', 'log_format': 'default', 'quiet': 'False', 'indirect_selection': 'eager'}
[0m00:27:16.396334 [error] [MainThread]: [[31mERROR[0m]: Encountered an error:
Runtime Error
  No dbt_project.yml found at expected path /Users/abdulsalam/AI/enterprise-ai-operations-platform/dbt_project.yml
  Verify that each entry within packages.yml (and their transitive dependencies) contains a file named dbt_project.yml
  
[0m00:27:16.398232 [debug] [MainThread]: Resource report: {"command_name": "build", "command_success": false, "command_wall_clock_time": 0.046605334, "process_in_blocks": "0", "process_kernel_time": 0.128027, "process_mem_max_rss": "120504320", "process_out_blocks": "0", "process_user_time": 0.602295}
[0m00:27:16.398482 [debug] [MainThread]: Command `dbt build` failed at 00:27:16.398434 after 0.05 seconds
[0m00:27:16.398625 [debug] [MainThread]: Sending event: {'category': 'dbt', 'action': 'invocation', 'label': 'end', 'context': [<snowplow_tracker.self_describing_json.SelfDescribingJson object at 0x107571b80>, <snowplow_tracker.self_describing_json.SelfDescribingJson object at 0x106e538c0>, <snowplow_tracker.self_describing_json.SelfDescribingJson object at 0x109f3f0e0>]}
[0m00:27:16.398755 [debug] [MainThread]: Flushing usage events
[0m00:27:16.869184 [debug] [MainThread]: An error was encountered while trying to flush usage events
